// Jest Snapshot v1, https://goo.gl/fbAQLP

exports[`Testing UserButtons should render properly 1`] = `
<div
  className="content-user-buttons"
>
  <button
    className="reviewButton"
    type="button"
  >
    <i
      className="material-icons"
    >
      star
    </i>
    <span
      className="buttonText"
    >
      Write a Review
    </span>
  </button>
  <div
    className="spanDiv"
  >
    <button
      className="buttonSpans leftSpan"
      type="button"
    >
      <i
        className="material-icons"
      >
        photo_camera
      </i>
      <span
        className="buttonText"
      >
        Add Photo
      </span>
    </button>
    <button
      className="buttonSpans midSpan"
      type="button"
    >
      <i
        className="material-icons"
      >
        share
      </i>
      <span
        className="buttonText"
      >
        Share
      </span>
    </button>
    <button
      className="buttonSpans rightSpan"
      type="button"
    >
      <i
        className="material-icons"
      >
        save
      </i>
      <span
        className="buttonText"
      >
        Save
      </span>
    </button>
  </div>
</div>
`;
